// Jest Snapshot v1, https://goo.gl/fbAQLP

exports[`App should render correctly 1`] = `
<DocumentFragment>
  <div
    class="app-container min-h-screen"
    data-testid="app-container"
  >
    <header
      data-testid="app-header"
    >
      <nav
        class="flex items-center justify-between flex-wrap bg-gray-800 p-6 fixed w-full z-10 top-0"
        role="nav"
      >
        <div
          class="flex items-center flex-shrink-0 text-white mr-6"
        >
          <div
            class="block p-1"
            data-testid="header-logo"
          >
            <img
              alt=""
              class="w-10"
              data-testid="logoImg"
              src="assets/images/logo.svg"
            />
          </div>
          <a
            class="text-white no-underline hover:text-white hover:no-underline"
            href="#"
          >
            <span
              class="text-2xl pl-2"
            >
              Luke Wale
            </span>
          </a>
        </div>
        <div
          class="block lg:hidden"
        >
          <button
            class="flex items-center px-3 py-2 border rounded text-gray-500 border-gray-600 hover:text-white  hover:border-white"
            data-testid="toggleMenuButton"
            id="nav-toggle"
          >
            <svg
              class="fill-current h-3 w-3"
              viewBox="0 0 20 20"
              xmlns="http://www.w3.org/2000/svg"
            >
              <title>
                Menu
              </title>
              <path
                d="M0 3h20v2H0V3zm0 6h20v2H0V9zm0 6h20v2H0v-2z"
              />
            </svg>
          </button>
        </div>
        <div
          class="w-full flex-grow lg:flex lg:items-center lg:w-auto hidden lg:block pt-6 lg:pt-0"
          data-testid="nav-content"
          id="nav-content"
        >
          <ul
            class="list-reset lg:flex justify-end flex-1 items-center"
          >
            <li
              class="mr-3"
            >
              <a
                class="inline-block py-2 px-4 text-white no-underline"
                href="#!"
              >
                Home
              </a>
            </li>
            <li
              class="mr-3"
            >
              <a
                class="inline-block py-2 px-4 text-white no-underline"
                href="#!"
              >
                GitHub
              </a>
            </li>
            <li
              class="mr-3"
            >
              <a
                class="inline-block py-2 px-4 text-white no-underline"
                href="#!"
              >
                Contact
              </a>
            </li>
          </ul>
        </div>
      </nav>
    </header>
    <main
      data-testid="app-main"
    >
      <div
        class="container"
      >
        <h1 />
      </div>
    </main>
    <footer
      class="bg-gray-800 p-6 sticky top-[100vh] text-white"
      data-testid="app-footer"
    >
      <div
        class="container grid grid-cols-3"
      >
        <nav
          role="nav"
        >
          <div
            class="w-full flex-grow lg:flex lg:items-center lg:w-auto lg:block pt-6 lg:pt-0"
            data-testid="nav-content"
            id="nav-content"
          >
            <ul
              class="list-reset lg:flex justify-end flex-1 flex-col"
            >
              <li
                class="mr-3"
              >
                <a
                  class="inline-block py-2 px-4 text-white no-underline"
                  href="#!"
                >
                  Home
                </a>
              </li>
              <li
                class="mr-3"
              >
                <a
                  class="inline-block py-2 px-4 text-white no-underline"
                  href="#!"
                >
                  GitHub
                </a>
              </li>
              <li
                class="mr-3"
              >
                <a
                  class="inline-block py-2 px-4 text-white no-underline"
                  href="#!"
                >
                  Contact
                </a>
              </li>
            </ul>
          </div>
        </nav>
      </div>
      <div
        class="text-center py-3"
      >
        <p>
          Copyright Luke Wale
        </p>
      </div>
    </footer>
  </div>
</DocumentFragment>
`;
